[colorlib.com/etc/cs/04-comming-soon.html]
[backblue.gif]
[fade.gif]
[index.html]
[colorlib.com/etc/cs/common-css/ionicons.css]
[colorlib.com/etc/cs/common-css/jquery.classycountdown.css]
[colorlib.com/etc/cs/04-comming-soon/css/styles.css]
[colorlib.com/etc/cs/04-comming-soon/css/responsive.css]
[colorlib.com/etc/cs/images/countdown-4-1000x1000.jpg]
[colorlib.com/etc/cs/images/logo-white.png]
[colorlib.com/etc/cs/common-js/jquery-3.1.1.min.js]
[colorlib.com/etc/cs/common-js/jquery.countdown.min.js]
[colorlib.com/etc/cs/04-comming-soon.html]
[colorlib.com/etc/cs/common-js/scripts.js]
[colorlib.com/etc/cs/fonts/ionicons28b5.eot]
[colorlib.com/etc/cs/fonts/ionicons28b5.ttf]
[colorlib.com/etc/cs/fonts/ionicons28b5.woff]
[colorlib.com/etc/cs/common-css/ionicons.css]
[colorlib.com/etc/cs/common-css/jquery.classycountdown.css]
[colorlib.com/etc/cs/04-comming-soon/css/styles.css]
[colorlib.com/etc/cs/04-comming-soon/css/responsive.css]
[colorlib.com/etc/cs/fonts/ionicons28b5.svg]
[colorlib.com/etc/cs/fonts/ionicons28b5.svg]
